=== OmniSim Log Started (pid=19712): 2026-09-12 15:27:36 ===
INFO: [main] stdio: stdout inherited from the launcher (handle type 1: 1=file 2=char/null 3=pipe); stdio left as given, no console attached
INFO: [OmNewtonBackend] warp + newton imports OK; FFI smoke OK (newton.ModelBuilder()); helper module loaded -- not a backend verdict: the backend is chosen at world finalise (default physicsBackend "auto" resolves to Newton when the runtime is present); authoritative verdict: the <log>.newton.json sidecar
WARNING: BusStop "busstop_0" > DEF AD_INTERNAL Pose > Shape  > PBRAppearance "PBRAppearance" > ImageTexture : Texture image size of 'O:/omnisim/projects/objects/street_furniture/protos/textures/advertising.jpg' is not a power of two: rescaling it from 512x768 to 512x1024.
INFO: sun_marker: Starting controller: python.exe -u sun_marker.py
INFO: [OmWgpuBackend] wgpu-native init OK (instance + adapter + device + queue)
INFO: [OmView3D] main view now rendering through the wgpu backend (renderBackend "wgpu").
INFO: [OmWgpuSurface] on-screen surface created + configured (source=windows-hwnd)
INFO: [OmView3D] wgpu main view tonemap: HDR linear-light + AgX (exposure 1)
INFO: [OmNewtonBackend] world opened (implicit ground plane requested; added at finalize only if the world declared a Plane collider)
WARNING: The boundingObject of 'TheThreeTowers "landmark_11"' is a Group of 4 collision shapes, but only the FIRST is registered with the physics engine -- the other 3 are silently DROPPED, so this body collides as a fraction of its own shape. Set WorldInfo.newtonCompoundColliders TRUE to register all of them. (That field also switches this body's inertia source, so expect the dynamics to change as well as the collision.)
WARNING: The boundingObject of 'StoneFountain "park_fountain"' is a Group of 3 collision shapes, but only the FIRST is registered with the physics engine -- the other 2 are silently DROPPED, so this body collides as a fraction of its own shape. Set WorldInfo.newtonCompoundColliders TRUE to register all of them. (That field also switches this body's inertia source, so expect the dynamics to change as well as the collision.)
WARNING: The boundingObject of 'Bench "park_bench_0"' is a Group of 2 collision shapes, but only the FIRST is registered with the physics engine -- the other 1 are silently DROPPED, so this body collides as a fraction of its own shape. Set WorldInfo.newtonCompoundColliders TRUE to register all of them. (That field also switches this body's inertia source, so expect the dynamics to change as well as the collision.)
WARNING: The boundingObject of 'Bench "park_bench_1"' is a Group of 2 collision shapes, but only the FIRST is registered with the physics engine -- the other 1 are silently DROPPED, so this body collides as a fraction of its own shape. Set WorldInfo.newtonCompoundColliders TRUE to register all of them. (That field also switches this body's inertia source, so expect the dynamics to change as well as the collision.)
WARNING: The boundingObject of 'Bench "park_bench_2"' is a Group of 2 collision shapes, but only the FIRST is registered with the physics engine -- the other 1 are silently DROPPED, so this body collides as a fraction of its own shape. Set WorldInfo.newtonCompoundColliders TRUE to register all of them. (That field also switches this body's inertia source, so expect the dynamics to change as well as the collision.)
WARNING: The boundingObject of 'Bench "park_bench_3"' is a Group of 2 collision shapes, but only the FIRST is registered with the physics engine -- the other 1 are silently DROPPED, so this body collides as a fraction of its own shape. Set WorldInfo.newtonCompoundColliders TRUE to register all of them. (That field also switches this body's inertia source, so expect the dynamics to change as well as the collision.)
WARNING: The boundingObject of 'Church "landmark_13"' is a Group of 2 collision shapes, but only the FIRST is registered with the physics engine -- the other 1 are silently DROPPED, so this body collides as a fraction of its own shape. Set WorldInfo.newtonCompoundColliders TRUE to register all of them. (That field also switches this body's inertia source, so expect the dynamics to change as well as the collision.)
WARNING: The boundingObject of 'Museum "landmark_17"' is a Group of 2 collision shapes, but only the FIRST is registered with the physics engine -- the other 1 are silently DROPPED, so this body collides as a fraction of its own shape. Set WorldInfo.newtonCompoundColliders TRUE to register all of them. (That field also switches this body's inertia source, so expect the dynamics to change as well as the collision.)
WARNING: The boundingObject of 'BusStop "busstop_0"' is a Group of 5 collision shapes, but only the FIRST is registered with the physics engine -- the other 4 are silently DROPPED, so this body collides as a fraction of its own shape. Set WorldInfo.newtonCompoundColliders TRUE to register all of them. (That field also switches this body's inertia source, so expect the dynamics to change as well as the collision.)
WARNING: The boundingObject of 'BusStop "busstop_1"' is a Group of 5 collision shapes, but only the FIRST is registered with the physics engine -- the other 4 are silently DROPPED, so this body collides as a fraction of its own shape. Set WorldInfo.newtonCompoundColliders TRUE to register all of them. (That field also switches this body's inertia source, so expect the dynamics to change as well as the collision.)
WARNING: The boundingObject of 'BusStop "busstop_2"' is a Group of 5 collision shapes, but only the FIRST is registered with the physics engine -- the other 4 are silently DROPPED, so this body collides as a fraction of its own shape. Set WorldInfo.newtonCompoundColliders TRUE to register all of them. (That field also switches this body's inertia source, so expect the dynamics to change as well as the collision.)
WARNING: The boundingObject of 'BusStop "busstop_3"' is a Group of 5 collision shapes, but only the FIRST is registered with the physics engine -- the other 4 are silently DROPPED, so this body collides as a fraction of its own shape. Set WorldInfo.newtonCompoundColliders TRUE to register all of them. (That field also switches this body's inertia source, so expect the dynamics to change as well as the collision.)
WARNING: The boundingObject of 'BusStop "busstop_4"' is a Group of 5 collision shapes, but only the FIRST is registered with the physics engine -- the other 4 are silently DROPPED, so this body collides as a fraction of its own shape. Set WorldInfo.newtonCompoundColliders TRUE to register all of them. (That field also switches this body's inertia source, so expect the dynamics to change as well as the collision.)
WARNING: The boundingObject of 'BusStop "busstop_5"' is a Group of 5 collision shapes, but only the FIRST is registered with the physics engine -- the other 4 are silently DROPPED, so this body collides as a fraction of its own shape. Set WorldInfo.newtonCompoundColliders TRUE to register all of them. (That field also switches this body's inertia source, so expect the dynamics to change as well as the collision.)
WARNING: The boundingObject of 'Bench "sbench_2"' is a Group of 2 collision shapes, but only the FIRST is registered with the physics engine -- the other 1 are silently DROPPED, so this body collides as a fraction of its own shape. Set WorldInfo.newtonCompoundColliders TRUE to register all of them. (That field also switches this body's inertia source, so expect the dynamics to change as well as the collision.)
WARNING: The boundingObject of 'Bench "sbench_3"' is a Group of 2 collision shapes, but only the FIRST is registered with the physics engine -- the other 1 are silently DROPPED, so this body collides as a fraction of its own shape. Set WorldInfo.newtonCompoundColliders TRUE to register all of them. (That field also switches this body's inertia source, so expect the dynamics to change as well as the collision.)
WARNING: The boundingObject of 'Bench "sbench_4"' is a Group of 2 collision shapes, but only the FIRST is registered with the physics engine -- the other 1 are silently DROPPED, so this body collides as a fraction of its own shape. Set WorldInfo.newtonCompoundColliders TRUE to register all of them. (That field also switches this body's inertia source, so expect the dynamics to change as well as the collision.)
WARNING: The boundingObject of 'Bench "sbench_5"' is a Group of 2 collision shapes, but only the FIRST is registered with the physics engine -- the other 1 are silently DROPPED, so this body collides as a fraction of its own shape. Set WorldInfo.newtonCompoundColliders TRUE to register all of them. (That field also switches this body's inertia source, so expect the dynamics to change as well as the collision.)
INFO: [OmNewtonBackend] registered 0 dynamic + 77 static Newton bodies (77 of the statics on the world body) (+77 this pass) (statics: city_ground, spd_ew0_0, spd_ew0_1, spd_ew0_2, spd_ew1_0, spd_ew1_1, spd_ew1_2, spd_ew2_0)
INFO: [OmNewtonBackend] solver preference set to ''
INFO: [OmNewtonBackend] world finalised (solver=MuJoCo (cpu/mj_step, default))
INFO: [OmNewtonBackend] step 1 dt=0.032s b0=(0.000,0.000,0.000)
INFO: [OmNewtonBackend] step 30 dt=0.032s b0=(0.000,0.000,0.000)
INFO: [OmNewtonBackend] step 60 dt=0.032s b0=(0.000,0.000,0.000)
INFO: [OmNewtonBackend] step 120 dt=0.032s b0=(0.000,0.000,0.000)
INFO: [OmNewtonBackend] step 240 dt=0.032s b0=(0.000,0.000,0.000)
INFO: [OmNewtonBackend] step 480 dt=0.032s b0=(0.000,0.000,0.000)
