=== OmniSim Log Started (pid=36512): 2026-09-12 18:00:14 ===
INFO: [main] stdio: stdout inherited from the launcher (handle type 1: 1=file 2=char/null 3=pipe); stdio left as given, no console attached
INFO: [OmNewtonBackend] warp + newton imports OK; FFI smoke OK (newton.ModelBuilder()); helper module loaded -- not a backend verdict: the backend is chosen at world finalise (default physicsBackend "auto" resolves to Newton when the runtime is present); authoritative verdict: the <log>.newton.json sidecar
INFO: [OmWgpuBackend] wgpu-native init OK (instance + adapter + device + queue)
INFO: [OmView3D] main view now rendering through the wgpu backend (renderBackend "wgpu").
INFO: [OmWgpuSurface] on-screen surface created + configured (source=windows-hwnd)
INFO: [OmView3D] wgpu main view tonemap: HDR linear-light + AgX (exposure 1)
INFO: sun_marker: Starting controller: python.exe -u sun_marker.py
INFO: camera_cloth_wgpu_smoke: Starting controller: python.exe -u camera_cloth_wgpu_smoke.py
INFO: [OmNewtonBackend] contact/solver params from WorldInfo: mu=1 ke=0 kd=0 iters=0 ls_iters=0
INFO: [OmNewtonBackend] world opened (implicit ground plane requested; added at finalize only if the world declared a Plane collider)
INFO: [OmNewtonBackend] registered 0 dynamic + 2 static Newton bodies (2 of the statics on the world body) (+2 this pass) (statics: floor, table)
INFO: [OmNewtonBackend] solver preference set to 'mujoco+vbd'
INFO: [OmNewtonBackend] contact/solver params from WorldInfo: mu=1 ke=0 kd=0 iters=0 ls_iters=0
INFO: Cloth 'DEF SHEET Cloth': registered 289 particles (16 x 16 cells) at Newton particle offset 0.
INFO: [OmNewtonBackend] contact/solver params from WorldInfo: mu=1 ke=0 kd=0 iters=0 ls_iters=0
INFO: [OmNewtonBackend] solver preference set to 'mujoco+vbd'
INFO: [OmNewtonBackend] contact/solver params from WorldInfo: mu=1 ke=0 kd=0 iters=0 ls_iters=0
INFO: [OmNewtonBackend] world finalised (solver=MuJoCo (mujoco_warp, default) + VBD cloth via SolverCoupledProxy (mujoco contacts))
INFO: [OmNewtonBackend] step 1 dt=0.008s b0=(0.000,0.000,0.000)
INFO: [OmCamera] 'cloth_cam' rendered through wgpu (96x72, 3 draws) [W3 scene: sun=world extraLights=0 sky=atmospheric dome fog=off exposure=1.00 center BGRA=(182,161,146)]
INFO: [OmNewtonBackend] step 30 dt=0.008s b0=(0.000,0.000,0.000)
INFO: [OmNewtonBackend] step 60 dt=0.008s b0=(0.000,0.000,0.000)
INFO: [OmNewtonBackend] step 120 dt=0.008s b0=(0.000,0.000,0.000)
INFO: [OmNewtonBackend] step 240 dt=0.008s b0=(0.000,0.000,0.000)
