......FMoving-light shadow centres: [0.20812918893425997, 0.7913433849054025]
....
================================== FAILURES ===================================
________ LocalShadowCache.test_edits_match_uncached_unculled_reference ________

self = <tests.test_local_shadow_cache.LocalShadowCache testMethod=test_edits_match_uncached_unculled_reference>

        def test_edits_match_uncached_unculled_reference(self):
            import numpy as np
            from PIL import Image
            binary = os.environ.get('OMNISIM_BINARY') or resolve_omnisim_binary()
            if not binary:
                self.skipTest('OmniSim binary is not built')
            with tempfile.TemporaryDirectory(prefix='omnisim-shadow-cache-') as directory:
                output = Path(directory)
                fd, name = tempfile.mkstemp(prefix='.shadow_cache_', suffix='.omniworld', dir=REPO / 'tests/rendering/worlds')
                os.close(fd)
                world = Path(name)
                profiles = []
                try:
                    for arm, (cull, cache) in enumerate(((0, 0), (1, 0), (1, 1))):
                        dest = output / str(arm)
                        dest.mkdir()
                        world.write_text('''#OMNISIM R2025a utf8
    WorldInfo { basicTimeStep 32 FPS 30 }
    DEF VIEW Viewpoint { position 0 0 3 orientation 0 1 0 0.45 }
    Background { skyColor [ .01 .01 .01 ] }
    DirectionalLight { intensity 0 direction 0 0 -1 }
    DEF LAMP PointLight { location 3 -1.5 3 intensity 15 attenuation 0 0 1 radius 20 castShadows TRUE }
    Solid { translation 4 0 -.1 children [ Shape {
      appearance PBRAppearance { baseColor .65 .65 .65 roughness 1 metalness 0 }
      geometry Box { size 12 10 .2 }
    } ] }
    DEF BLOCK Solid { translation 3 0 .5 children [ DEF BLOCK_SHAPE Shape {
      appearance DEF BLOCK_MAT PBRAppearance { baseColor .4 .4 .4 roughness 1 metalness 0 }
      geometry DEF BLOCK_BOX Box { size 1 1 1 }
    } ] }
    Robot { supervisor TRUE controller "local_shadow_cache_probe" controllerArgs [ %s ] children [
      Camera { name "probe" translation 0 0 3 rotation 0 1 0 .45 width 320 height 200 }
    ] }
    ''' % json.dumps(dest.as_posix()), encoding='utf-8')
                        env = dict(os.environ, OMNISIM_HOME=str(REPO), OMNILIGHT='0', OMNISIM_WGPU_TAA='0',
                                   OMNISIM_WGPU_CAMFX='0', OMNISIM_WGPU_AUTOEXP='0',
                                   OMNISIM_WGPU_LOCAL_SHADOW_CULL=str(cull), OMNISIM_WGPU_LOCAL_SHADOW_CACHE=str(cache),
                                   OMNISIM_WGPU_REPORT=str(dest / 'render.report'), OMNISIM_WGPU_REPORT_EVERY='1',
                                   OMNISIM_LOG_PATH=str(dest / 'engine.log'))
                        # Also exercise asynchronous GPU timing with both main-view
                        # and synchronous sensor readback; neither may change pixels.
                        env['OMNISIM_WGPU_GPU_TIMING'] = str(dest / 'render.gpu') if arm == 2 else '0'
                        if os.name == 'nt':
                            runtime = REPO / 'msys64/mingw64/bin/newton-runtime'
                            env['PATH'] = str(runtime) + os.pathsep + str(runtime.parent) + os.pathsep + env.get('PATH', '')
                        with (dest / 'stdout.log').open('wb') as stdout:
                            proc = subprocess.Popen([str(binary), str(world), '--mode=realtime', '--stdout', '--stderr'],
                                                    cwd=REPO, env=env, stdout=stdout, stderr=subprocess.STDOUT)
                            try:
                                code = proc.wait(timeout=60)
                            finally:
                                if proc.poll() is None:
                                    if os.name == 'nt':
                                        subprocess.run(['taskkill', '/F', '/T', '/PID', str(proc.pid)], capture_output=True)
                                    else:
                                        proc.kill()
                                    proc.wait(timeout=10)
                        self.assertEqual(code, 0, (dest / 'stdout.log').read_text(errors='replace')[-4000:])
                        self.assertFalse((dest / 'error.txt').exists())
                        profile = summarize_profile((dest / 'render.report').read_text())
                        self.assertIsNotNone(profile)
                        profiles.append(profile)
                        if arm == 2:
                            gpu = summarize_gpu_profile((dest / 'render.gpu').read_text(), warmup_frames=0)
                            available = [row for row in gpu if row['status'] == 'available']
                            self.assertGreaterEqual(len(gpu), 2)
                            if available:
                                self.assertGreaterEqual(len(available), 2)
                                self.assertTrue(any([320, 200] in row['dimensions'] for row in available))
                                self.assertTrue(all(row['gpuSpanUs']['p50'] > 0 for row in available))
                            else:
                                self.assertTrue(all(row['status'] == 'unavailable' for row in gpu))
                    names = ('initial', 'unchanged', 'camera', 'lamp', 'caster', 'geometry', 'no_cast',
                             'transparent', 'disabled', 'enabled', 'inserted', 'removed', 'radius')
                    originals = {}
                    sensor_names = names
                    for name in names + tuple(name + '-sensor' for name in sensor_names):
                        with Image.open(output / '0' / (name + '.png')) as im:
                            reference = np.asarray(im.convert('RGB'), dtype=np.int16)
                        originals[name] = reference
                        for arm in (1, 2):
                            with Image.open(output / str(arm) / (name + '.png')) as im:
                                actual = np.asarray(im.convert('RGB'), dtype=np.int16)
                            self.assertEqual(actual.shape, reference.shape)
>                           self.assertLessEqual(int(np.abs(actual-reference).max()), 1, (name, arm))
E                           AssertionError: 135 not less than or equal to 1 : ('inserted', 1)

tests\test_local_shadow_cache.py:113: AssertionError
=========================== short test summary info ===========================
FAILED tests/test_local_shadow_cache.py::LocalShadowCache::test_edits_match_uncached_unculled_reference
1 failed, 10 passed in 61.78s (0:01:01)
