=== OmniSim Log Started (pid=31928): 2026-09-12 17:02:37 ===
INFO: [main] stdio: stdout inherited from the launcher (handle type 1: 1=file 2=char/null 3=pipe); stdio left as given, no console attached
WARNING: Could not listen to extern controllers and robot windows on port 1234. Port 1234 is already in use. Using port 1235 instead. This could be caused by another running instance of OmniSim. You should use the '--port' option to start several instances of OmniSim.
INFO: [OmNewtonBackend] warp + newton imports OK; FFI smoke OK (newton.ModelBuilder()); helper module loaded -- not a backend verdict: the backend is chosen at world finalise (default physicsBackend "auto" resolves to Newton when the runtime is present); authoritative verdict: the <log>.newton.json sidecar
INFO: sun_marker: Starting controller: python.exe -u sun_marker.py
INFO: conveyor_belt: Starting controller: O:\omnisim\projects\objects\factory\conveyors\controllers\conveyor_belt\conveyor_belt.exe 0 0
INFO: [OmWgpuBackend] wgpu-native init OK (instance + adapter + device + queue)
INFO: [OmView3D] main view now rendering through the wgpu backend (renderBackend "wgpu").
INFO: [OmWgpuSurface] on-screen surface created + configured (source=windows-hwnd)
INFO: [OmView3D] wgpu main view tonemap: HDR linear-light + AgX (exposure 1)
INFO: [OmNewtonBackend] world opened (implicit ground plane requested; added at finalize only if the world declared a Plane collider)
WARNING: Solid 'conveyor_main': the physics collider is NOT the authored geometry -- using sphere r=0.001 (Robot wrapper placeholder). The body will contact the world at a different size or place than the scene shows. To collide as authored, declare a 'boundingObject' on this Solid (Box, Sphere, Capsule, Cylinder, Plane or a mesh; a Group of several needs WorldInfo.newtonCompoundColliders TRUE) -- a Robot with none gets the 1 mm placeholder by design. See docs/guide/newton-physics-backend.md.
WARNING: The boundingObject of 'Forklift "forklift_01"' is a Group of 3 collision shapes, but only the FIRST is registered with the physics engine -- the other 2 are silently DROPPED, so this body collides as a fraction of its own shape. Set WorldInfo.newtonCompoundColliders TRUE to register all of them. (That field also switches this body's inertia source, so expect the dynamics to change as well as the collision.)
INFO: [OmNewtonBackend] registered 2 dynamic + 34 static Newton bodies (34 of the statics on the world body) (+36 this pass) (statics: floor, wall_N, wall_S, wall_E, wall_W, rack_W_00, rack_W_01, rack_W_02)
INFO: [OmNewtonBackend] inertia provenance: 0 declared, 1 from geometry, 1 from the mass preset (preset: conveyor_main)
INFO: [OmNewtonBackend] solver preference set to ''
INFO: [OmNewtonBackend] world finalised (solver=MuJoCo (cpu/mj_step, default))
INFO: [OmNewtonBackend] step 1 dt=0.016s b0=(0.000,-2.000,0.000) b1=(-1.800,-11.500,0.807)
INFO: [OmNewtonBackend] step 30 dt=0.016s b0=(0.000,-2.000,0.000) b1=(-1.800,-11.500,0.810)
INFO: [OmNewtonBackend] step 60 dt=0.016s b0=(0.000,-2.000,0.000) b1=(-1.800,-11.500,0.810)
INFO: [OmNewtonBackend] step 120 dt=0.016s b0=(0.000,-2.000,0.000) b1=(-1.800,-11.500,0.810)
INFO: [OmNewtonBackend] step 240 dt=0.016s b0=(0.000,-2.000,0.000) b1=(-1.800,-11.500,0.810)
INFO: [OmNewtonBackend] step 480 dt=0.016s b0=(0.000,-2.000,0.000) b1=(-1.800,-11.500,0.810)
INFO: [OmNewtonBackend] step 960 dt=0.016s b0=(0.000,-2.000,0.000) b1=(-1.800,-11.500,0.810)
